[    0.000000] Initializing cgroup subsys cpuset
[    0.000000] Initializing cgroup subsys cpu
[    0.000000] Initializing cgroup subsys cpuacct
[    0.000000] Linux version 4.4.0-184-generic (buildd@lgw01-amd64-060) (gcc version 5.4.0 20160609 (Ubuntu 5.4.0-6ubuntu1~16.04.12) ) #214-Ubuntu SMP Thu Jun 4 10:14:11 UTC 2020 (Ubuntu 4.4.0-184.214-generic 4.4.223)
[    0.000000] Command line: BOOT_IMAGE=/boot/vmlinuz-4.4.0-184-generic root=LABEL=cloudimg-rootfs ro console=tty1 console=ttyS0
[    0.000000] KERNEL supported cpus:
[    0.000000]   Intel GenuineIntel
[    0.000000]   AMD AuthenticAMD
[    0.000000]   Centaur CentaurHauls
[    0.000000] x86/fpu: xstate_offset[2]:  576, xstate_sizes[2]:  256
[    0.000000] x86/fpu: Supporting XSAVE feature 0x01: 'x87 floating point registers'
[    0.000000] x86/fpu: Supporting XSAVE feature 0x02: 'SSE registers'
[    0.000000] x86/fpu: Supporting XSAVE feature 0x04: 'AVX registers'
[    0.000000] x86/fpu: Enabled xstate features 0x7, context size is 832 bytes, using 'standard' format.
[    0.000000] e820: BIOS-provided physical RAM map:
[    0.000000] BIOS-e820: [mem 0x0000000000000000-0x000000000009fbff] usable
[    0.000000] BIOS-e820: [mem 0x000000000009fc00-0x000000000009ffff] reserved
[    0.000000] BIOS-e820: [mem 0x00000000000f0000-0x00000000000fffff] reserved
[    0.000000] BIOS-e820: [mem 0x0000000000100000-0x000000003ffeffff] usable
[    0.000000] BIOS-e820: [mem 0x000000003fff0000-0x000000003fffffff] ACPI data
[    0.000000] BIOS-e820: [mem 0x00000000fec00000-0x00000000fec00fff] reserved
[    0.000000] BIOS-e820: [mem 0x00000000fee00000-0x00000000fee00fff] reserved
[    0.000000] BIOS-e820: [mem 0x00000000fffc0000-0x00000000ffffffff] reserved
[    0.000000] NX (Execute Disable) protection: active
[    0.000000] SMBIOS 2.5 present.
[    0.000000] Hypervisor detected: KVM
[    0.000000] e820: last_pfn = 0x3fff0 max_arch_pfn = 0x400000000
[    0.000000] MTRR: Disabled
[    0.000000] x86/PAT: MTRRs disabled, skipping PAT initialization too.
[    0.000000] CPU MTRRs all blank - virtualized system.
[    0.000000] x86/PAT: Configuration [0-7]: WB  WT  UC- UC  WB  WT  UC- UC  
[    0.000000] found SMP MP-table at [mem 0x0009fff0-0x0009ffff] mapped at [ffff88000009fff0]
[    0.000000] Scanning 1 areas for low memory corruption
[    0.000000] RAMDISK: [mem 0x362de000-0x37166fff]
[    0.000000] ACPI: Early table checksum verification disabled
[    0.000000] ACPI: RSDP 0x00000000000E0000 000024 (v02 VBOX  )
[    0.000000] ACPI: XSDT 0x000000003FFF0030 00003C (v01 VBOX   VBOXXSDT 00000001 ASL  00000061)
[    0.000000] ACPI: FACP 0x000000003FFF00F0 0000F4 (v04 VBOX   VBOXFACP 00000001 ASL  00000061)
[    0.000000] ACPI: DSDT 0x000000003FFF0470 002325 (v02 VBOX   VBOXBIOS 00000002 INTL 20100528)
[    0.000000] ACPI: FACS 0x000000003FFF0200 000040
[    0.000000] ACPI: FACS 0x000000003FFF0200 000040
[    0.000000] ACPI: APIC 0x000000003FFF0240 00005C (v02 VBOX   VBOXAPIC 00000001 ASL  00000061)
[    0.000000] ACPI: SSDT 0x000000003FFF02A0 0001CC (v01 VBOX   VBOXCPUT 00000002 INTL 20100528)
[    0.000000] No NUMA configuration found
[    0.000000] Faking a node at [mem 0x0000000000000000-0x000000003ffeffff]
[    0.000000] NODE_DATA(0) allocated [mem 0x3ffeb000-0x3ffeffff]
[    0.000000] kvm-clock: Using msrs 4b564d01 and 4b564d00
[    0.000000] kvm-clock: cpu 0, msr 0:3ffe3001, primary cpu clock
[    0.000000] kvm-clock: using sched offset of 3672313122 cycles
[    0.000000] clocksource: kvm-clock: mask: 0xffffffffffffffff max_cycles: 0x1cd42e4dffb, max_idle_ns: 881590591483 ns
[    0.000000] Zone ranges:
[    0.000000]   DMA      [mem 0x0000000000001000-0x0000000000ffffff]
[    0.000000]   DMA32    [mem 0x0000000001000000-0x000000003ffeffff]
[    0.000000]   Normal   empty
[    0.000000]   Device   empty
[    0.000000] Movable zone start for each node
[    0.000000] Early memory node ranges
[    0.000000]   node   0: [mem 0x0000000000001000-0x000000000009efff]
[    0.000000]   node   0: [mem 0x0000000000100000-0x000000003ffeffff]
[    0.000000] Initmem setup node 0 [mem 0x0000000000001000-0x000000003ffeffff]
[    0.000000] ACPI: PM-Timer IO Port: 0x4008
[    0.000000] IOAPIC[0]: apic_id 2, version 32, address 0xfec00000, GSI 0-23
[    0.000000] ACPI: INT_SRC_OVR (bus 0 bus_irq 0 global_irq 2 dfl dfl)
[    0.000000] ACPI: INT_SRC_OVR (bus 0 bus_irq 9 global_irq 9 low level)
[    0.000000] Using ACPI (MADT) for SMP configuration information
[    0.000000] smpboot: Allowing 2 CPUs, 0 hotplug CPUs
[    0.000000] PM: Registered nosave memory: [mem 0x00000000-0x00000fff]
[    0.000000] PM: Registered nosave memory: [mem 0x0009f000-0x0009ffff]
[    0.000000] PM: Registered nosave memory: [mem 0x000a0000-0x000effff]
[    0.000000] PM: Registered nosave memory: [mem 0x000f0000-0x000fffff]
[    0.000000] e820: [mem 0x40000000-0xfebfffff] available for PCI devices
[    0.000000] Booting paravirtualized kernel on KVM
[    0.000000] clocksource: refined-jiffies: mask: 0xffffffff max_cycles: 0xffffffff, max_idle_ns: 7645519600211568 ns
[    0.000000] setup_percpu: NR_CPUS:512 nr_cpumask_bits:512 nr_cpu_ids:2 nr_node_ids:1
[    0.000000] PERCPU: Embedded 33 pages/cpu @ffff88003fc00000 s95448 r8192 d31528 u1048576
[    0.000000] Built 1 zonelists in Node order, mobility grouping on.  Total pages: 257912
[    0.000000] Policy zone: DMA32
[    0.000000] Kernel command line: BOOT_IMAGE=/boot/vmlinuz-4.4.0-184-generic root=LABEL=cloudimg-rootfs ro console=tty1 console=ttyS0
[    0.000000] PID hash table entries: 4096 (order: 3, 32768 bytes)
[    0.000000] Memory: 997664K/1048120K available (8632K kernel code, 1336K rwdata, 4036K rodata, 1492K init, 1292K bss, 50456K reserved, 0K cma-reserved)
[    0.000000] SLUB: HWalign=64, Order=0-3, MinObjects=0, CPUs=2, Nodes=1
[    0.000000] Kernel/User page tables isolation: enabled
[    0.000000] Hierarchical RCU implementation.
[    0.000000] 	Build-time adjustment of leaf fanout to 64.
[    0.000000] 	RCU restricting CPUs from NR_CPUS=512 to nr_cpu_ids=2.
[    0.000000] RCU: Adjusting geometry for rcu_fanout_leaf=64, nr_cpu_ids=2
[    0.000000] NR_IRQS:33024 nr_irqs:440 16
[    0.000000] Console: colour VGA+ 80x25
[    0.000000] console [tty1] enabled
[    0.000000] console [ttyS0] enabled
[    0.000000] tsc: Detected 2592.000 MHz processor
[    0.154910] Calibrating delay loop (skipped) preset value.. 5184.00 BogoMIPS (lpj=10368000)
[    0.156778] pid_max: default: 32768 minimum: 301
[    0.157793] ACPI: Core revision 20150930
[    0.159496] ACPI: 2 ACPI AML tables successfully acquired and loaded
[    0.160967] Security Framework initialized
[    0.161863] Yama: becoming mindful.
[    0.162705] AppArmor: AppArmor initialized
[    0.163716] Dentry cache hash table entries: 131072 (order: 8, 1048576 bytes)
[    0.166754] Inode-cache hash table entries: 65536 (order: 7, 524288 bytes)
[    0.168303] Mount-cache hash table entries: 2048 (order: 2, 16384 bytes)
[    0.169721] Mountpoint-cache hash table entries: 2048 (order: 2, 16384 bytes)
[    0.171321] Initializing cgroup subsys io
[    0.172213] Initializing cgroup subsys memory
[    0.173237] Initializing cgroup subsys devices
[    0.174545] Initializing cgroup subsys freezer
[    0.175518] Initializing cgroup subsys net_cls
[    0.176473] Initializing cgroup subsys perf_event
[    0.177472] Initializing cgroup subsys net_prio
[    0.178470] Initializing cgroup subsys hugetlb
[    0.179473] Initializing cgroup subsys pids
[    0.181486] mce: CPU supports 0 MCE banks
[    0.182433] Last level iTLB entries: 4KB 64, 2MB 8, 4MB 8
[    0.183565] Last level dTLB entries: 4KB 64, 2MB 0, 4MB 0, 1GB 4
[    0.184791] Spectre V1 : Mitigation: usercopy/swapgs barriers and __user pointer sanitization
[    0.186622] Spectre V2 : Mitigation: Full generic retpoline
[    0.188014] Spectre V2 : Spectre v2 / SpectreRSB mitigation: Filling RSB on context switch
[    0.189981] Speculative Store Bypass: Vulnerable
[    0.191088] SRBDS: Unknown: Dependent on hypervisor status
[    0.192390] MDS: Mitigation: Clear CPU buffers
[    0.196178] Freeing SMP alternatives memory: 36K
[    0.202648] ftrace: allocating 32319 entries in 127 pages
[    0.257450] smpboot: APIC(0) Converting physical 0 to logical package 0
[    0.259186] smpboot: Max logical packages: 1
[    0.260352] x2apic enabled
[    0.261533] Switched APIC routing to physical x2apic.
[    0.264136] ..TIMER: vector=0x30 apic1=0 pin1=2 apic2=-1 pin2=-1
[    0.373558] smpboot: CPU0: Intel(R) Core(TM) i7-9750H CPU @ 2.60GHz (family: 0x6, model: 0x9e, stepping: 0xa)
[    0.376546] Performance Events: unsupported p6 CPU model 158 no PMU driver, software events only.
[    0.388589] KVM setup paravirtual spinlock
[    0.390530] x86: Booting SMP configuration:
[    0.391639] .... node  #0, CPUs:      #1
[    0.392820] kvm-clock: cpu 1, msr 0:3ffe3041, secondary cpu clock
[    0.394968] mce: CPU supports 0 MCE banks
[    0.397665] x86: Booted up 1 node, 2 CPUs
[    0.398763] smpboot: Total of 2 processors activated (10368.00 BogoMIPS)
[    0.400496] devtmpfs: initialized
[    0.403111] evm: security.selinux
[    0.403905] evm: security.SMACK64
[    0.404832] evm: security.SMACK64EXEC
[    0.405663] evm: security.SMACK64TRANSMUTE
[    0.406628] evm: security.SMACK64MMAP
[    0.407461] evm: security.ima
[    0.408173] evm: security.capability
[    0.409230] clocksource: jiffies: mask: 0xffffffff max_cycles: 0xffffffff, max_idle_ns: 7645041785100000 ns
[    0.411257] futex hash table entries: 512 (order: 3, 32768 bytes)
[    0.412609] pinctrl core: initialized pinctrl subsystem
[    0.413860] RTC time:  8:11:25, date: 06/24/20
[    0.415094] NET: Registered protocol family 16
[    0.425466] cpuidle: using governor ladder
[    0.437176] cpuidle: using governor menu
[    0.438678] PCCT header not found.
[    0.439767] ACPI: bus type PCI registered
[    0.440720] acpiphp: ACPI Hot Plug PCI Controller Driver version: 0.5
[    0.442227] PCI: Using configuration type 1 for base access
[    0.459128] ACPI: Added _OSI(Module Device)
[    0.460804] ACPI: Added _OSI(Processor Device)
[    0.462678] ACPI: Added _OSI(3.0 _SCP Extensions)
[    0.464122] ACPI: Added _OSI(Processor Aggregator Device)
[    0.466545] ACPI: Executed 1 blocks of module-level executable AML code
[    0.470125] ACPI: Interpreter enabled
[    0.471042] ACPI: (supports S0 S5)
[    0.471898] ACPI: Using IOAPIC for interrupt routing
[    0.473154] PCI: Using host bridge windows from ACPI; if necessary, use "pci=nocrs" and report a bug
[    0.479785] ACPI: PCI Root Bridge [PCI0] (domain 0000 [bus 00-ff])
[    0.481077] acpi PNP0A03:00: _OSC: OS supports [ASPM ClockPM Segments MSI]
[    0.482782] acpi PNP0A03:00: _OSC: not requesting OS control; OS requires [ExtendedConfig ASPM ClockPM MSI]
[    0.484927] acpi PNP0A03:00: fail to add MMCONFIG information, can't access extended PCI configuration space under this bridge.
[    0.487887] PCI host bridge to bus 0000:00
[    0.488809] pci_bus 0000:00: root bus resource [io  0x0000-0x0cf7 window]
[    0.490380] pci_bus 0000:00: root bus resource [io  0x0d00-0xffff window]
[    0.491942] pci_bus 0000:00: root bus resource [mem 0x000a0000-0x000bffff window]
[    0.493689] pci_bus 0000:00: root bus resource [mem 0x40000000-0xfdffffff window]
[    0.495346] pci_bus 0000:00: root bus resource [bus 00-ff]
[    0.498932] pci 0000:00:01.1: legacy IDE quirk: reg 0x10: [io  0x01f0-0x01f7]
[    0.500349] pci 0000:00:01.1: legacy IDE quirk: reg 0x14: [io  0x03f6]
[    0.501666] pci 0000:00:01.1: legacy IDE quirk: reg 0x18: [io  0x0170-0x0177]
[    0.510595] pci 0000:00:01.1: legacy IDE quirk: reg 0x1c: [io  0x0376]
[    0.524309] pci 0000:00:07.0: quirk: [io  0x4000-0x403f] claimed by PIIX4 ACPI
[    0.526001] pci 0000:00:07.0: quirk: [io  0x4100-0x410f] claimed by PIIX4 SMB
[    0.534432] ACPI: PCI Interrupt Link [LNKA] (IRQs 5 9 10 *11)
[    0.535995] ACPI: PCI Interrupt Link [LNKB] (IRQs 5 9 *10 11)
[    0.537447] ACPI: PCI Interrupt Link [LNKC] (IRQs 5 *9 10 11)
[    0.538818] ACPI: PCI Interrupt Link [LNKD] (IRQs 5 9 10 *11)
[    0.540236] ACPI: Enabled 2 GPEs in block 00 to 07
[    0.541630] vgaarb: setting as boot device: PCI:0000:00:02.0
[    0.542919] vgaarb: device added: PCI:0000:00:02.0,decodes=io+mem,owns=io+mem,locks=none
[    0.545593] vgaarb: loaded
[    0.546339] vgaarb: bridge control possible 0000:00:02.0
[    0.547539] SCSI subsystem initialized
[    0.548410] ACPI: bus type USB registered
[    0.549266] usbcore: registered new interface driver usbfs
[    0.550300] usbcore: registered new interface driver hub
[    0.551385] usbcore: registered new device driver usb
[    0.552617] PCI: Using ACPI for IRQ routing
[    0.555423] NetLabel: Initializing
[    0.556251] NetLabel:  domain hash size = 128
[    0.557277] NetLabel:  protocols = UNLABELED CIPSOv4
[    0.558515] NetLabel:  unlabeled traffic allowed by default
[    0.560024] amd_nb: Cannot enumerate AMD northbridges
[    0.561409] clocksource: Switched to clocksource kvm-clock
[    0.570105] AppArmor: AppArmor Filesystem Enabled
[    0.571644] pnp: PnP ACPI init
[    0.573605] pnp: PnP ACPI: found 3 devices
[    0.584201] clocksource: acpi_pm: mask: 0xffffff max_cycles: 0xffffff, max_idle_ns: 2085701024 ns
[    0.586495] NET: Registered protocol family 2
[    0.587714] TCP established hash table entries: 8192 (order: 4, 65536 bytes)
[    0.589496] TCP bind hash table entries: 8192 (order: 5, 131072 bytes)
[    0.590955] TCP: Hash tables configured (established 8192 bind 8192)
[    0.592669] UDP hash table entries: 512 (order: 2, 16384 bytes)
[    0.594062] UDP-Lite hash table entries: 512 (order: 2, 16384 bytes)
[    0.595482] NET: Registered protocol family 1
[    0.596555] pci 0000:00:00.0: Limiting direct PCI/PCI transfers
[    0.597869] pci 0000:00:01.0: Activating ISA DMA hang workarounds
[    0.599342] Unpacking initramfs...
[    0.831297] Freeing initrd memory: 14884K
[    0.832370] clocksource: tsc: mask: 0xffffffffffffffff max_cycles: 0x255cb6cc5db, max_idle_ns: 440795203504 ns
[    0.834743] platform rtc_cmos: registered platform RTC device (no PNP device found)
[    0.836602] Scanning for low memory corruption every 60 seconds
[    0.838224] audit: initializing netlink subsys (disabled)
[    0.839410] audit: type=2000 audit(1592986290.821:1): initialized
[    0.840931] Initialise system trusted keyring
[    0.842381] HugeTLB registered 2 MB page size, pre-allocated 0 pages
[    0.844804] zbud: loaded
[    0.845932] VFS: Disk quotas dquot_6.6.0
[    0.846919] VFS: Dquot-cache hash table entries: 512 (order 0, 4096 bytes)
[    0.848694] squashfs: version 4.0 (2009/01/31) Phillip Lougher
[    0.850239] fuse init (API version 7.23)
[    0.851295] Key type big_key registered
[    0.852212] Allocating IMA MOK and blacklist keyrings.
[    0.854552] Key type asymmetric registered
[    0.855475] Asymmetric key parser 'x509' registered
[    0.856571] Block layer SCSI generic (bsg) driver version 0.4 loaded (major 249)
[    0.858603] io scheduler noop registered
[    0.859512] io scheduler deadline registered (default)
[    0.860770] io scheduler cfq registered
[    0.861767] pci_hotplug: PCI Hot Plug PCI Core version: 0.5
[    0.863070] pciehp: PCI Express Hot Plug Controller Driver version: 0.4
[    0.864781] ACPI: AC Adapter [AC] (on-line)
[    0.865822] input: Power Button as /devices/LNXSYSTM:00/LNXPWRBN:00/input/input0
[    0.867450] ACPI: Power Button [PWRF]
[    0.868357] input: Sleep Button as /devices/LNXSYSTM:00/LNXSLPBN:00/input/input1
[    0.869922] ACPI: Sleep Button [SLPF]
[    0.870905] GHES: HEST is not enabled!
[    0.873394] ACPI: Battery Slot [BAT0] (battery present)
[    0.874977] Serial: 8250/16550 driver, 32 ports, IRQ sharing enabled
[    0.896824] 00:02: ttyS0 at I/O 0x3f8 (irq = 4, base_baud = 115200) is a 16550A
[    0.901534] Linux agpgart interface v0.103
[    0.904277] loop: module loaded
[    0.905548] scsi host0: ata_piix
[    0.906416] scsi host1: ata_piix
[    0.907190] ata1: PATA max UDMA/33 cmd 0x1f0 ctl 0x3f6 bmdma 0xd000 irq 14
[    0.908550] ata2: PATA max UDMA/33 cmd 0x170 ctl 0x376 bmdma 0xd008 irq 15
[    0.910262] libphy: Fixed MDIO Bus: probed
[    0.911137] tun: Universal TUN/TAP device driver, 1.6
[    0.912205] tun: (C) 1999-2004 Max Krasnyansky <maxk@qualcomm.com>
[    0.913888] PPP generic driver version 2.4.2
[    0.915032] ehci_hcd: USB 2.0 'Enhanced' Host Controller (EHCI) Driver
[    0.916371] ehci-pci: EHCI PCI platform driver
[    0.917390] ehci-platform: EHCI generic platform driver
[    0.918653] ohci_hcd: USB 1.1 'Open' Host Controller (OHCI) Driver
[    0.920058] ohci-pci: OHCI PCI platform driver
[    0.921147] ohci-platform: OHCI generic platform driver
[    0.922314] uhci_hcd: USB Universal Host Controller Interface driver
[    0.923738] i8042: PNP: PS/2 Controller [PNP0303:PS2K,PNP0f03:PS2M] at 0x60,0x64 irq 1,12
[    0.926405] serio: i8042 KBD port at 0x60,0x64 irq 1
[    0.927507] serio: i8042 AUX port at 0x60,0x64 irq 12
[    0.928916] mousedev: PS/2 mouse device common for all mice
[    0.930821] input: AT Translated Set 2 keyboard as /devices/platform/i8042/serio0/input/input2
[    0.932839] rtc_cmos rtc_cmos: rtc core: registered rtc_cmos as rtc0
[    0.934278] rtc_cmos rtc_cmos: alarms up to one day, 114 bytes nvram
[    0.935611] i2c /dev entries driver
[    0.936456] device-mapper: uevent: version 1.0.3
[    0.937635] device-mapper: ioctl: 4.34.0-ioctl (2015-10-28) initialised: dm-devel@redhat.com
[    0.939471] ledtrig-cpu: registered to indicate activity on CPUs
[    0.941186] NET: Registered protocol family 10
[    0.942405] NET: Registered protocol family 17
[    0.943561] Key type dns_resolver registered
[    0.945982] registered taskstats version 1
[    0.946914] Loading compiled-in X.509 certificates
[    0.948434] Loaded X.509 cert 'Build time autogenerated kernel key: b6ae09eed57f82583ccd3c65c463e852cdd7a0b5'
[    0.950582] zswap: loaded using pool lzo/zbud
[    0.953185] Key type trusted registered
[    0.957019] Key type encrypted registered
[    0.958057] AppArmor: AppArmor sha1 policy hashing enabled
[    0.959223] ima: No TPM chip found, activating TPM-bypass!
[    0.960387] ima: Allocated hash algorithm: sha1
[    0.961539] evm: HMAC attrs: 0x1
[    0.962810]   Magic number: 8:267:170
[    0.964158] rtc_cmos rtc_cmos: setting system clock to 2020-06-24 08:11:25 UTC (1592986285)
[    0.966135] BIOS EDD facility v0.16 2004-Jun-25, 0 devices found
[    0.967404] EDD information not available.
[    1.090903] Freeing unused kernel memory: 1492K
[    1.092346] Write protecting the kernel read-only data: 14336k
[    1.094703] Freeing unused kernel memory: 1596K
[    1.096006] Freeing unused kernel memory: 60K
Loading, please wait...
starting version 229
[    1.109414] random: systemd-udevd: uninitialized urandom read (16 bytes read, 3 bits of entropy available)
[    1.110037] random: udevadm: uninitialized urandom read (16 bytes read, 3 bits of entropy available)
[    1.110053] random: udevadm: uninitialized urandom read (16 bytes read, 3 bits of entropy available)
[    1.115980] random: systemd-udevd: uninitialized urandom read (16 bytes read, 3 bits of entropy available)
[    1.117489] random: udevadm: uninitialized urandom read (16 bytes read, 3 bits of entropy available)
[    1.117531] random: udevadm: uninitialized urandom read (16 bytes read, 3 bits of entropy available)
[    1.117682] random: udevadm: uninitialized urandom read (16 bytes read, 3 bits of entropy available)
[    1.117729] random: udevadm: uninitialized urandom read (16 bytes read, 3 bits of entropy available)
[    1.117771] random: udevadm: uninitialized urandom read (16 bytes read, 3 bits of entropy available)
[    1.117813] random: udevadm: uninitialized urandom read (16 bytes read, 3 bits of entropy available)
[    1.164205] e1000: Intel(R) PRO/1000 Network Driver - version 7.3.21-k8-NAPI
[    1.166561] e1000: Copyright (c) 1999-2006 Intel Corporation.
[    1.170972] Fusion MPT base driver 3.04.20
[    1.171938] Copyright (c) 1999-2008 LSI Corporation
[    1.180480] Fusion MPT SPI Host driver 3.04.20
[    1.188152] AVX2 version of gcm_enc/dec engaged.
[    1.189537] AES CTR mode by8 optimization enabled
[    1.410300] input: ImExPS/2 Generic Explorer Mouse as /devices/platform/i8042/serio1/input/input4
[    1.979104] e1000 0000:00:03.0 eth0: (PCI:33MHz:32-bit) 02:89:fa:04:16:8f
[    1.981049] e1000 0000:00:03.0 eth0: Intel(R) PRO/1000 Network Connection
[    1.983694] mptbase: ioc0: Initiating bringup
[    2.870098] ioc0: LSI53C1030 A0: Capabilities={Initiator}
[    5.357239] scsi host2: ioc0: LSI53C1030 A0, FwRev=00000000h, Ports=1, MaxQ=256, IRQ=20
[    7.417963] scsi 2:0:0:0: Direct-Access     VBOX     HARDDISK         1.0  PQ: 0 ANSI: 5
[    7.420444] scsi target2:0:0: Beginning Domain Validation
[    7.425163] scsi target2:0:0: Domain Validation skipping write tests
[    7.426654] scsi target2:0:0: Ending Domain Validation
[    7.427944] scsi target2:0:0: asynchronous
[    7.429662] scsi 2:0:1:0: Direct-Access     VBOX     HARDDISK         1.0  PQ: 0 ANSI: 5
[    7.431679] scsi target2:0:1: Beginning Domain Validation
[    7.434580] scsi target2:0:1: Domain Validation skipping write tests
[    7.435938] scsi target2:0:1: Ending Domain Validation
[    7.437108] scsi target2:0:1: asynchronous
[    7.470295] sd 2:0:0:0: Attached scsi generic sg0 type 0
[    7.471953] sd 2:0:0:0: [sda] 20971520 512-byte logical blocks: (10.7 GB/10.0 GiB)
[    7.474462] sd 2:0:1:0: Attached scsi generic sg1 type 0
[    7.476200] sd 2:0:1:0: [sdb] 20480 512-byte logical blocks: (10.5 MB/10.0 MiB)
[    7.477998] sd 2:0:0:0: [sda] Write Protect is off
[    7.479292] sd 2:0:0:0: [sda] Incomplete mode parameter data
[    7.480553] sd 2:0:0:0: [sda] Assuming drive cache: write through
[    7.482129] sd 2:0:1:0: [sdb] Write Protect is off
[    7.483502] sd 2:0:1:0: [sdb] Incomplete mode parameter data
[    7.484818] sd 2:0:1:0: [sdb] Assuming drive cache: write through
[    7.488145]  sda: sda1
[    7.490242] sd 2:0:0:0: [sda] Attached SCSI disk
[    7.492151] sd 2:0:1:0: [sdb] Attached SCSI disk
[    7.847239] e1000 0000:00:08.0 eth1: (PCI:33MHz:32-bit) 08:00:27:47:60:c6
[    7.849274] e1000 0000:00:08.0 eth1: Intel(R) PRO/1000 Network Connection
[    7.852163] e1000 0000:00:08.0 enp0s8: renamed from eth1
[    7.865987] e1000 0000:00:03.0 enp0s3: renamed from eth0
Begin: Loading essential drivers ... [    9.121535] md: linear personality registered for level -1
[    9.124852] md: multipath personality registered for level -4
[    9.127848] md: raid0 personality registered for level 0
[    9.132222] md: raid1 personality registered for level 1
[    9.201677] raid6: sse2x1   gen() 13899 MB/s
[    9.269666] raid6: sse2x1   xor()  9951 MB/s
[    9.337707] raid6: sse2x2   gen() 16623 MB/s
[    9.405549] raid6: sse2x2   xor() 11734 MB/s
[    9.473465] raid6: sse2x4   gen() 19508 MB/s
[    9.541604] raid6: sse2x4   xor() 12428 MB/s
[    9.609877] raid6: avx2x1   gen() 23445 MB/s
[    9.677927] raid6: avx2x2   gen() 31691 MB/s
[    9.745636] raid6: avx2x4   gen() 34928 MB/s
[    9.746675] raid6: using algorithm avx2x4 gen() 34928 MB/s
[    9.748218] raid6: using avx2x2 recovery algorithm
[    9.750683] xor: automatically using best checksumming function:
[    9.789843]    avx       : 28349.000 MB/sec
[    9.792047] async_tx: api initialized (async)
[    9.801386] md: raid6 personality registered for level 6
[    9.802770] md: raid5 personality registered for level 5
[    9.804141] md: raid4 personality registered for level 4
[    9.812068] md: raid10 personality registered for level 10
done.
Begin: Running /scripts/init-premount ... done.
Begin: Mounting root file system ... Begin: Running /scripts/local-top ... done.
Begin: Running /scripts/local-premount ... [    9.837513] Btrfs loaded
Scanning for Btrfs filesystems
done.
Warning: fsck not present, so skipping root file system
[    9.860025] EXT4-fs (sda1): mounted filesystem with ordered data mode. Opts: (null)
done.
Begin: Running /scripts/local-bottom ... done.
Begin: Running /scripts/init-bottom ... done.
[    9.941186] systemd[1]: systemd 229 running in system mode. (+PAM +AUDIT +SELINUX +IMA +APPARMOR +SMACK +SYSVINIT +UTMP +LIBCRYPTSETUP +GCRYPT +GNUTLS +ACL +XZ -LZ4 +SECCOMP +BLKID +ELFUTILS +KMOD -IDN)
[    9.944487] systemd[1]: Detected virtualization oracle.
[    9.945469] systemd[1]: Detected architecture x86-64.

Welcome to [1mUbuntu 16.04.6 LTS[0m!

[    9.948931] systemd[1]: Set hostname to <ubuntu>.
[    9.952275] systemd[1]: Initializing machine ID from random generator.
[    9.953511] systemd[1]: Installed transient /etc/machine-id file.
[   10.426160] systemd[1]: Reached target Swap.
[[0;32m  OK  [0m] Reached target Swap.
[   10.427924] systemd[1]: Started Forward Password Requests to Wall Directory Watch.
[[0;32m  OK  [0m] Started Forward Password Requests to Wall Directory Watch.
[   10.430756] systemd[1]: Listening on Journal Audit Socket.
[[0;32m  OK  [0m] Listening on Journal Audit Socket.
[   10.432768] systemd[1]: Listening on Device-mapper event daemon FIFOs.
[[0;32m  OK  [0m] Listening on Device-mapper event daemon FIFOs.
[   10.435255] systemd[1]: Created slice User and Session Slice.
[[0;32m  OK  [0m] Created slice User and Session Slice.
[   10.792633] systemd[1]: Listening on udev Control Socket.
[[0;32m  OK  [0m] Listening on udev Control Socket.
[   10.795770] systemd[1]: Listening on Journal Socket (/dev/log).
[[0;32m  OK  [0m] Listening on Journal Socket (/dev/log).
[   10.798859] systemd[1]: Listening on LVM2 poll daemon socket.
[[0;32m  OK  [0m] Listening on LVM2 poll daemon socket.
[   10.801744] systemd[1]: Started Trigger resolvconf update for networkd DNS.
[[0;32m  OK  [0m] Started Trigger resolvconf update for networkd DNS.
[   10.805492] systemd[1]: Set up automount Arbitrary Executable File Formats File System Automount Point.
[[0;32m  OK  [0m] Set up automount Arbitrary Executab...ats File System Automount Point.
[   10.810157] systemd[1]: Created slice System Slice.
[[0;32m  OK  [0m] Created slice System Slice.
[   10.812534] systemd[1]: Reached target User and Group Name Lookups.
[[0;32m  OK  [0m] Reached target User and Group Name Lookups.
[   10.815423] systemd[1]: Listening on udev Kernel Socket.
[[0;32m  OK  [0m] Listening on udev Kernel Socket.
[   10.818345] systemd[1]: Created slice system-serial\x2dgetty.slice.
[[0;32m  OK  [0m] Created slice system-serial\x2dgetty.slice.
[   10.821183] systemd[1]: Reached target Slices.
[[0;32m  OK  [0m] Reached target Slices.
[   10.823250] systemd[1]: Reached target System Time Synchronized.
[[0;32m  OK  [0m] Reached target System Time Synchronized.
[   10.825593] systemd[1]: Listening on Syslog Socket.
[[0;32m  OK  [0m] Listening on Syslog Socket.
[   10.827805] systemd[1]: Listening on /dev/initctl Compatibility Named Pipe.
[[0;32m  OK  [0m] Listening on /dev/initctl Compatibility Named Pipe.
[   10.830750] systemd[1]: Reached target Encrypted Volumes.
[[0;32m  OK  [0m] Reached target Encrypted Volumes.
[   10.833074] systemd[1]: Listening on LVM2 metadata daemon socket.
[[0;32m  OK  [0m] Listening on LVM2 metadata daemon socket.
[   10.835666] systemd[1]: Listening on Journal Socket.
[[0;32m  OK  [0m] Listening on Journal Socket.
[   10.850062] systemd[1]: Starting Nameserver information manager...
         Starting Nameserver information manager...
[   10.853210] systemd[1]: Mounting Huge Pages File System...
         Mounting Huge Pages File System...
[   10.856069] systemd[1]: Starting Uncomplicated firewall...
         Starting Uncomplicated firewall...
[   10.858718] systemd[1]: Starting Monitoring of LVM2 mirrors, snapshots etc. using dmeventd or progress polling...
         Starting Monitoring of LVM2 mirrors... dmeventd or progress polling...
[   10.863334] systemd[1]: Starting Journal Service...
         Starting Journal Service...
[   10.866764] systemd[1]: Mounting Debug File System...
         Mounting Debug File System...
[   10.870568] systemd[1]: Starting Create list of required static device nodes for the current kernel...
         Starting Create list of required st... nodes for the current kernel...
[   10.875139] systemd[1]: Mounting POSIX Message Queue File System...
         Mounting POSIX Message Queue File System...
[   10.882114] systemd[1]: Starting Set console keymap...
         Starting Set console keymap...
[   10.887895] systemd[1]: Starting Load Kernel Modules...
         Starting Load Kernel Modules...
[   10.891322] systemd[1]: Starting Remount Root and Kernel File Systems...
         Starting Remount Root and Kernel File Systems...
[   10.896426] systemd[1]: Mounted Huge Pages File System.
[   10.897677] EXT4-fs (sda1): re-mounted. Opts: (null)
[[0;32m  OK  [0m] Mounted Huge Pages File System.
[   10.900162] systemd[1]: Mounted POSIX Message Queue File System.
[[0;32m  OK  [0m] Mounted POSIX Message Queue File System.
[   10.902554] systemd[1]: Mounted Debug File System.
[[0;32m  OK  [0m] Mounted Debug File System.
[   10.905892] Loading iSCSI transport class v2.0-870.
[   10.906011] systemd[1]: Started Journal Service.
[[0;32m  OK  [0m] Started Journal Service.
[[0;32m  OK  [0m] Started Uncomplicated firewall.
[[0;32m  OK  [0m] Started Create list of required sta...ce nodes for the current kernel.
[[0;32m  OK  [0m] Started Remount Root and Kernel File Systems.
[   10.916742] iscsi: registered transport (tcp)
[[0;32m  OK  [0m] Started Nameserver information manager.
[[0;32m  OK  [0m] Started LVM2 metadata daemon.
         Starting udev Coldplug all Devices...
         Starting Load/Save Random Seed...
         Starting Create Static Device Nodes in /dev...
         Starting Flush Journal to Persistent Storage...
[[0;32m  OK  [0m] Started Load/Save Random Seed.
[   10.954444] systemd-journald[379]: Received request to flush runtime journal from PID 1
[[0;32m  OK  [0m] Started Flush Journal to Persistent Storage.
[   10.962977] random: nonblocking pool is initialized
[[0;32m  OK  [0m] Started Create Static Device Nodes in /dev.
[   10.985560] iscsi: registered transport (iser)
[[0;32m  OK  [0m] Started Load Kernel Modules.
         Starting Apply Kernel Variables...
         Mounting FUSE Control File System...
         Starting udev Kernel Device Manager...
[[0;32m  OK  [0m] Mounted FUSE Control File System.
[[0;32m  OK  [0m] Started Set console keymap.
[[0;32m  OK  [0m] Started udev Coldplug all Devices.
[[0;32m  OK  [0m] Started Apply Kernel Variables.
[[0;32m  OK  [0m] Started udev Kernel Device Manager.
[[0;32m  OK  [0m] Started Dispatch Password Requests to Console Directory Watch.
[[0;32m  OK  [0m] Found device /dev/ttyS0.
[[0;32m  OK  [0m] Listening on Load/Save RF Kill Switch Status /dev/rfkill Watch.
[[0;32m  OK  [0m] Started Monitoring of LVM2 mirrors,...ng dmeventd or progress polling.
[[0;32m  OK  [0m] Reached target Local File Systems (Pre).
[[0;32m  OK  [0m] Reached target Local File Systems.
         Starting Initial cloud-init job (pre-networking)...
         Starting Set console font and keymap...
         Starting Tell Plymouth To Write Out Runtime Data...
         Starting Create Volatile Files and Directories...
         Starting LSB: AppArmor initialization...
         Starting Commit a transient machine-id on disk...
[[0;32m  OK  [0m] Started Create Volatile Files and Directories.
[[0;32m  OK  [0m] Started Tell Plymouth To Write Out Runtime Data.
[[0;32m  OK  [0m] Started Commit a transient machine-id on disk.
         Starting Update UTMP about System Boot/Shutdown...
[[0;32m  OK  [0m] Started Update UTMP about System Boot/Shutdown.
[[0;32m  OK  [0m] Started Set console font and keymap.
[[0;32m  OK  [0m] Created slice system-getty.slice.
[[0;32m  OK  [0m] Started LSB: AppArmor initialization.
[   12.150297] cloud-init[616]: Cloud-init v. 19.4-33-gbb4131a2-0ubuntu1~16.04.1 running 'init-local' at Wed, 24 Jun 2020 08:11:36 +0000. Up 11.91 seconds.
[[0;32m  OK  [0m] Started Initial cloud-init job (pre-networking).
[[0;32m  OK  [0m] Reached target Network (Pre).
         Starting Raise network interfaces...
[[0;32m  OK  [0m] Started Raise network interfaces.
         Starting Initial cloud-init job (metadata service crawler)...
[[0;32m  OK  [0m] Reached target Network.
[   12.972691] cloud-init[964]: Cloud-init v. 19.4-33-gbb4131a2-0ubuntu1~16.04.1 running 'init' at Wed, 24 Jun 2020 08:11:37 +0000. Up 12.60 seconds.
[   12.974180] cloud-init[964]: ci-info: ++++++++++++++++++++++++++++++++++++++Net device info+++++++++++++++++++++++++++++++++++++++
[   12.975874] cloud-init[964]: ci-info: +--------+-------+----------------------------+---------------+--------+-------------------+
[   12.978073] cloud-init[964]: ci-info: | Device |   Up  |          Address           |      Mask     | Scope  |     Hw-Address    |
[   12.980273] cloud-init[964]: ci-info: +--------+-------+----------------------------+---------------+--------+-------------------+
[   12.982396] cloud-init[964]: ci-info: | enp0s3 |  True |         10.0.2.15          | 255.255.255.0 | global | 02:89:fa:04:16:8f |
[   12.984411] cloud-init[964]: ci-info: | enp0s3 |  True | fe80::89:faff:fe04:168f/64 |       .       |  link  | 02:89:fa:04:16:8f |
[   12.986319] cloud-init[964]: ci-info: | enp0s8 | False |             .              |       .       |   .    | 08:00:27:47:60:c6 |
[   12.988452] cloud-init[964]: ci-info: |   lo   |  True |         127.0.0.1          |   255.0.0.0   |  host  |         .         |
[   12.990608] cloud-init[964]: ci-info: |   lo   |  True |          ::1/128           |       .       |  host  |         .         |
[   13.000390] cloud-init[964]: ci-info: +--------+-------+----------------------------+---------------+--------+-------------------+
[   13.001660] [cloud-init[0;32m  OK  [0m[964]: ] ci-info: +++++++++++++++++++++++++++Route IPv4 info++++++++++++++++++++++++++++Started Initial cloud-init job (metadata service crawler).

[   13.002085] [[0;32m  OK  [0m] Reached target Network is Online.
cloud-init[964]: ci-info: +-------+-------------+----------+---------------+-----------+-------+
[   13.005608] cloud-init[964]: ci-info: | Route | Destination | Gateway  |    Genmask    | Interface | Flags |
[   13.007096] cloud-init[964]: ci-info: +-------+-------------+----------+---------------+-----------+-------+
[   13.008965] cloud-init[964]: ci-info: |   0   |   0.0.0.0   | 10.0.2.2 |    0.0.0.0    |   enp0s3  |   UG  |
[   13.010796] cloud-init[964]: ci-info: |   1   |   10.0.2.0  | 0.0.0.0  | 255.255.255.0 |   enp0s3  |   U   |
[   13.012609] cloud-init[964]: ci-info: +-------+-------------+----------+---------------+-----------+-------+
[   13.014237] cloud-init[964]: ci-info: +++++++++++++++++++Route IPv6 info+++++++++++++++++++
[   13.016089]          Starting iSCSI initiator daemon (iscsid)...
[[0;32m  OK  [0m] Reached target System Initialization.
[[0;32m  OK  [0m] Started Message of the Day.
         Starting Socket activation for snappy daemon.
[[0;32m  OK  [0m] Started Daily Cleanup of Temporary Directories.
[[0;32m  OK  [0m] Listening on UUID daemon activation socket.
[[0;32m  OK  [0m] Listening on D-Bus System Message Bus Socket.
cloud-init[964]: ci-info: +-------+-------------+---------+-----------+-------+         Starting LXD - unix socket.
[[0;32m  OK  [0m] 
Listening on ACPID Listen Socket.
[   13.023881] cloud-init[[0;32m  OK  [0m] Started ACPI Events Check.
[[0;32m  OK  [0m] Reached target Paths.
[[0;32m  OK  [0m] Started Daily apt download activities.
[[0;32m  OK  [0m] Started Daily apt upgrade and clean activities.
[[0;32m  OK  [0m] Reached target Timers.
[[0;32m  OK  [0m] Reached target Cloud-config availability.
[[0;32m  OK  [0m] Listening on Socket activation for snappy daemon.
[[0;32m  OK  [0m] Listening on LXD - unix socket.
[964]: ci-info: | Route | Destination | Gateway | Interface | Flags |
[   13.029759] [cloud-init[0;32m  OK  [0m[964]: ] ci-info: +-------+-------------+---------+-----------+-------+Reached target Sockets.

[[0;32m  OK  [0m] Reached target Basic System.
[   13.030833] cloud-init[964]: ci-info: |   0   |  fe80::/64  |    ::   |   enp0s3  |   U   |
[   13.034140] cloud-init         Starting LSB: Record successful boot for GRUB...
         Starting Login Service...
[964]: ci-info: |   3   |   ff00::/8  |    ::   |   enp0s3  |   U   |
         Starting /etc/rc.local Compatibility...
         Starting LXD - container startup/shutdown...
[   13.037323] cloud-init[964]: ci-info: +-------+-------------+---------+-----------+-------+
[[0;32m  OK  [0m] Started ACPI event daemon.
[   13.050161] cloud-init         Starting LSB: MD monitoring daemon...
         Starting Snappy daemon...
         Starting Pollinate to seed the pseudo random number generator...
         Starting System Logging Service...
         Starting Virtualbox guest utils...
[[0;32m  OK  [0m] Started FUSE filesystem for LXC.
[[0;32m  OK  [0m] Started Deferred execution scheduler.
[[0;32m  OK  [0m] Started D-Bus System Message Bus.
[964]: Generating public/private rsa key pair.
[   13.071204] cloud-init[964]: Your identification has been saved in /etc/ssh/ssh_host_rsa_key.
[   13.077016] cloud-init[964]: Your public key has been saved in /etc/ssh/ssh_host_rsa_key.pub.
[   13.079664] cloud-init[964]: The key fingerprint is:
[   13.083352] cloud-init[964]: SHA256:+b7s+nuCer+Qyy/7pLmRRlk2gstDLiR7AoFGVogmgIA root@ubuntu-xenial
[   13.085845] cloud-init[964]: The key's randomart image is:
[   13.088788] cloud-init[964]: +---[RSA 2048]----+
[   13.091840] cloud-init[964]: |%oo.             |
[   13.094786] cloud-init[964]: |E=     .         |
[   13.097905] cloud-init[964]: |= . . o . +      |
[   13.099703] cloud-init[964]: | . + + . * .     |
[   13.101351] cloud-init[964]: |  o o = S        |
[   13.102505] cloud-init[964]: |   o . o +       |
[   13.105414] cloud-init[964]: |        *.o      |
[   13.106659] cloud-init[964]: |       o+X. .    |
[   13.107857] cloud-init[964]: |      .oO@%*     |
[   13.110291] cloud-init[964]: +----[SHA256]-----+
[   13.111482] cloud-init[[0;32m  OK  [0m] Started Regular background program processing daemon.
         Starting Accounts Service...
[964]: Generating public/private dsa key pair.[[0;32m  OK  [0m] Started System Logging Service.

[[0;32m  OK  [0m] Started /etc/rc.local Compatibility.
[   13.116692] [[0;32m  OK  [0m] Started Login Service.
[[0;32m  OK  [0m] Started Unattended Upgrades Shutdown.
cloud-init[964]: Your identification has been saved in /etc/ssh/ssh_host_dsa_key.
[   13.133364] [[0;32m  OK  [0m] Started iSCSI initiator daemon (iscsid).
         Starting Login to default iSCSI targets...
cloud-init[964]: Your public key has been saved in /etc/ssh/ssh_host_dsa_key.pub.
[   13.141712] cloud-init[964]: The key fingerprint is:
[[0;32m  OK  [0m] Started LSB: Record successful boot for GRUB.
[   13.147864] cloud-init[964]: SHA256:WT0utrmeZLEPnz/l43khOlipAd7ZuyRGTB43bBdbOnE root@ubuntu-xenial
[[0;32m  OK  [0m] Started Login to default iSCSI targets.
[[0;32m  OK  [0m] Reached target Remote File Systems (Pre).
[[0;32m  OK  [0m] Reached target Remote File Systems.
         Starting Permit User Sessions...
         Starting LSB: Set the CPU Frequency Scaling governor to "ondemand"...
         Starting LSB: daemon to balance interrupts for SMP systems...
         Starting LSB: automatic crash report generation...
[[0;32m  OK  [0m] Started Permit User Sessions.
         Starting Hold until boot process finishes up...
         Starting Terminate Plymouth Boot Screen...
[[0;32m  OK  [0m] Started Hold until boot process finishes up.
[[0;32m  OK  [0m] Started Getty on tty1.
         Starting Set console scheme...
[[0;32m  OK  [0m] Started Serial Getty on ttyS0.
[[0;32m  OK  [0m] Reached target Login Prompts.
[[0;32m  OK  [0m] Started Set console scheme.
[[0;32m  OK  [0m] Started LSB: MD monitoring daemon.
[[0;32m  OK  [0m] Started LXD - container startup/shutdown.
[   13.154262] cloud-init[964]: The key's randomart image is:
[   13.193074] [[0;32m  OK  [0m] Started Terminate Plymouth Boot Screen.
cloud-init[964]: +---[DSA 1024]----+
[   13.201261] cloud-init[964]: |             o E |
[[0;32m  OK  [0m] Started LSB: automatic crash report generation.
[   13.211134] [[0;32m  OK  [0m] Started LSB: daemon to balance interrupts for SMP systems.
cloud-init[964]: |          ..  B  |
[   13.215153] cloud-init[964]: |         o.=o=   |
[   13.217143] cloud-init[964]: |       .+o+.o..  |
[   13.219909] cloud-init[964]: |      . S+* o    |
[   13.221411] cloud-init[964]: |       ..= X . ..|
[   13.222658] cloud-init[964]: |         o%.o .o.|
[   13.223822] cloud-init[964]: |        .=oX ...+|
[   13.224831] cloud-init[964]: |         .+.*.o+o|
[   13.226115] cloud-init[964]: +----[SHA256]-----+
[   13.226968] cloud-init[964]: Generating public/private ecdsa key pair.
[   13.228276] cloud-init[964]: Your identification has been saved in /etc/ssh/ssh_host_ecdsa_key.
[   13.229930] cloud-init[964]: Your public key has been saved in /etc/ssh/ssh_host_ecdsa_key.pub.
[   13.231455] cloud-init[964]: The key fingerprint is:
[   13.232552] cloud-init[964]: SHA256:pM3UAuc/pl7EFeUHnEvhK1a7ynpmOW7oMNkbjjSIQds root@ubuntu-xenial
[   13.234157] cloud-init[964]:          The key's randomart image is:Starting Authenticate and Authorize Users to Run Privileged Tasks...

[   13.237835] cloud-init[964]: +---[ECDSA 256]---+
[   13.245483] [cloud-init[0;32m  OK  [0m[964]: ] |      . .   .o+o |Started LSB: Set the CPU Frequency Scaling governor to "ondemand".

[   13.245747] cloud-init[964]: |       + .   ++. |
[   13.257729] cloud-init[964]: |    .   = . ..+..|
[   13.260672] cloud-init[964]: |   . o * + . ..+ |
[   13.262571] cloud-init[964]: |    o E S * o o  |
[   13.266434] cloud-init[964]: |     o . * o . . |
[   13.267698] cloud-init[[0;32m  OK  [0m] Started Authenticate and Authorize Users to Run Privileged Tasks.
[964]: |    . . B +. ..  |
[   13.272245] cloud-init[964]: |       o B.+B.   |
[   13.273630] [[0;32m  OK  [0m] Started Accounts Service.
cloud-init[964]: |        o.=B+.   |
[   13.275588] cloud-init[964]: +----[SHA256]-----+
[   13.276785] cloud-init[964]: Generating public/private ed25519 key pair.
[   13.278277] cloud-init[964]: Your identification has been saved in /etc/ssh/ssh_host_ed25519_key.
[   13.281562] cloud-init[964]: Your public key has been saved in /etc/ssh/ssh_host_ed25519_key.pub.
[   13.285916] cloud-init[964]: The key fingerprint is:
[   13.287920] cloud-init[964]: SHA256:egv2Z6oY8gwOKxYv2w4eQMGc+f7rUu+J+RIPYLENPv8 root@ubuntu-xenial
[   13.291358] cloud-init[964]: The key's randomart image is:
[   13.292578] cloud-init[964]: +--[ED25519 256]--+
[   13.293618] cloud-init[964]: |o.o              |
[   13.295346] cloud-init[964]: | =.o             |
[   13.301074] cloud-init[964]: | .o =            |
[[0;32m  OK  [0m] Started Virtualbox guest utils.
[   13.318329] cloud-init[964]: |.  B .           |
[   13.319473] cloud-init[964]: |. o +   S        |
[   13.322531] cloud-init[964]: |.. . = .         |
[   13.323781] cloud-init[964]: |.o= + X .        |
[   13.332347] cloud-init[964]: |o*+B *oE..o      |
[   13.333870] cloud-init[964]: |+o=o*=*=++       |
[   13.336765] cloud-init[964]: +----[SHA256]-----+
[[0;32m  OK  [0m] Started Snappy daemon.
         Starting Wait until snapd is fully seeded...
[[0;32m  OK  [0m] Started Pollinate to seed the pseudo random number generator.
         Starting OpenBSD Secure Shell server...
[[0;32m  OK  [0m] Started OpenBSD Secure Shell server.
[[0;32m  OK  [0m] Started Wait until snapd is fully seeded.
[[0;32m  OK  [0m] Reached target Multi-User System.
[[0;32m  OK  [0m] Reached target Graphical Interface.
         Starting Update UTMP about System Runlevel Changes...
         Starting Apply the settings specified in cloud-config...
[[0;32m  OK  [0m] Started Update UTMP about System Runlevel Changes.
[   15.759458] cloud-init[1330]: Generating locales (this might take a while)...
[   16.393499] cloud-init[1330]:   en_US.UTF-8... done
[   16.394546] cloud-init[1330]: Generation complete.
[   16.617826] cloud-init[1330]: Cloud-init v. 19.4-33-gbb4131a2-0ubuntu1~16.04.1 running 'modules:config' at Wed, 24 Jun 2020 08:11:40 +0000. Up 15.67 seconds.
[[0;32m  OK  [0m] Started Apply the settings specified in cloud-config.
         Starting Execute cloud user/final scripts...
ci-info: no authorized SSH keys fingerprints found for user ubuntu.
<14>Jun 24 08:11:41 ec2: 
<14>Jun 24 08:11:41 ec2: #############################################################
<14>Jun 24 08:11:41 ec2: -----BEGIN SSH HOST KEY FINGERPRINTS-----
<14>Jun 24 08:11:41 ec2: 1024 SHA256:WT0utrmeZLEPnz/l43khOlipAd7ZuyRGTB43bBdbOnE root@ubuntu-xenial (DSA)
<14>Jun 24 08:11:41 ec2: 256 SHA256:pM3UAuc/pl7EFeUHnEvhK1a7ynpmOW7oMNkbjjSIQds root@ubuntu-xenial (ECDSA)
<14>Jun 24 08:11:41 ec2: 256 SHA256:egv2Z6oY8gwOKxYv2w4eQMGc+f7rUu+J+RIPYLENPv8 root@ubuntu-xenial (ED25519)
<14>Jun 24 08:11:41 ec2: 2048 SHA256:+b7s+nuCer+Qyy/7pLmRRlk2gstDLiR7AoFGVogmgIA root@ubuntu-xenial (RSA)
<14>Jun 24 08:11:41 ec2: -----END SSH HOST KEY FINGERPRINTS-----
<14>Jun 24 08:11:41 ec2: #############################################################
-----BEGIN SSH HOST KEY KEYS-----
ecdsa-sha2-nistp256 AAAAE2VjZHNhLXNoYTItbmlzdHAyNTYAAAAIbmlzdHAyNTYAAABBBKW/1TrB47agfkW+LT9osr+LeJAfoWJO2TFifrNfDTq5L1OjQ2xsHfGUirMf5kVkecniTFZLak4SThwfHgsUHME= root@ubuntu-xenial
ssh-ed25519 AAAAC3NzaC1lZDI1NTE5AAAAIB7+YDQfIwct3iFQVjtDVdY6znVlc7CSPRY5uDl6QGyn root@ubuntu-xenial
ssh-rsa AAAAB3NzaC1yc2EAAAADAQABAAABAQDhTg3P+NIqLNfsmoCMqvIRvyWWSPAjNnu4t2tDfYjlUT8Y2fEszU+mbhkhhRPFAtNJjt4XNKBT3WFOPhv6I+lLCbuv13gzaJYxvshBEvIlzZl0bMeLdtrTOpswHP4oRjKxziffBcE7j/DV3zt4tnaPlajxSalt8dbiju+ZxnmjywV+hmaoZicWNvmS7djGFLNWizRzhv0ZUgtNe/c/taskPprQZjsJcdxPDMeUHVUGkiSD3gVD3w4MFttKLt4Smqvz7CWiyg5IqAvjzdCqkBXBZS4gwkmLcw5IaBaL39mvwc+SpIlp4n4xB3rukmhQBcP0ubzt07bZi5Tlv/xTLc+j root@ubuntu-xenial
-----END SSH HOST KEY KEYS-----
[   16.997813] cloud-init[1372]: Cloud-init v. 19.4-33-gbb4131a2-0ubuntu1~16.04.1 running 'modules:final' at Wed, 24 Jun 2020 08:11:41 +0000. Up 16.88 seconds.
[   17.000466] cloud-init[1372]: ci-info: no authorized SSH keys fingerprints found for user ubuntu.
[   17.002148] cloud-init[1372]: Cloud-init v. 19.4-33-gbb4131a2-0ubuntu1~16.04.1 finished at Wed, 24 Jun 2020 08:11:41 +0000. Datasource DataSourceNoCloud [seed=/dev/sdb][dsmode=net].  Up 16.99 seconds
[[0;32m  OK  [0m] Started Execute cloud user/final scripts.
[[0;32m  OK  [0m] Reached target Cloud-init target.

Ubuntu 16.04.6 LTS ubuntu-xenial ttyS0

ubuntu-xenial login: 